2026-09-28T10:35:16Z waiting for socket1.lock (first attempt started 10:12Z, cancelled/re-queued 10:35Z)
2026-09-28T11:14:17Z socket1 lock acquired
r1-k1-full-shared k=1   full       shared      cpu/op=14327.3 ns  busy pre/post 27.5/9.1%
r1-k1-full-private k=1   full       private     cpu/op=14787.8 ns  busy pre/post 21.8/60.4%
r1-k1-full-private-ctx k=1   full       private-ctx cpu/op=14504.6 ns  busy pre/post 14.9/13.0%
r1-k1-full-rehome k=1   full       rehome      cpu/op=14912.1 ns  busy pre/post 85.1/16.0%
r1-k1-specialize-shared k=1   specialize shared      cpu/op=7706.4 ns  busy pre/post 91.2/53.5%
r1-k1-specialize-private k=1   specialize private     cpu/op=7893.4 ns  busy pre/post 79.2/40.2%
r1-k1-specialize-private-ctx k=1   specialize private-ctx cpu/op=7734.7 ns  busy pre/post 43.9/25.0%
r1-k1-specialize-rehome k=1   specialize rehome      cpu/op=8099.2 ns  busy pre/post 68.3/43.0%
r1-k1-split-shared k=1   split      shared      cpu/op=6789.2 ns  busy pre/post 5.0/11.0%
r1-k1-split-private k=1   split      private     cpu/op=6728.8 ns  busy pre/post 64.7/12.9%
r1-k1-split-private-ctx k=1   split      private-ctx cpu/op=6762.2 ns  busy pre/post 22.8/18.6%
r1-k1-split-rehome k=1   split      rehome      cpu/op=6975.2 ns  busy pre/post 4.0/57.8%
r1-k8-full-shared k=8   full       shared      cpu/op=17353.0 ns  busy pre/post 24.6/19.1%
r1-k8-full-private k=8   full       private     cpu/op=14352.8 ns  busy pre/post 23.9/21.8%
r1-k8-full-private-ctx k=8   full       private-ctx cpu/op=14340.4 ns  busy pre/post 33.9/24.0%
r1-k8-full-rehome k=8   full       rehome      cpu/op=14644.0 ns  busy pre/post 25.2/19.7%
r1-k8-specialize-shared k=8   specialize shared      cpu/op=7696.0 ns  busy pre/post 34.3/22.1%
r1-k8-specialize-private k=8   specialize private     cpu/op=7642.6 ns  busy pre/post 27.7/19.4%
r1-k8-specialize-private-ctx k=8   specialize private-ctx cpu/op=7858.2 ns  busy pre/post 25.7/13.8%
r1-k8-specialize-rehome k=8   specialize rehome      cpu/op=8090.5 ns  busy pre/post 14.4/18.0%
r1-k8-split-shared k=8   split      shared      cpu/op=12048.2 ns  busy pre/post 30.6/11.3%
r1-k8-split-private k=8   split      private     cpu/op=6701.7 ns  busy pre/post 22.2/11.4%
r1-k8-split-private-ctx k=8   split      private-ctx cpu/op=6644.3 ns  busy pre/post 24.4/13.0%
r1-k8-split-rehome k=8   split      rehome      cpu/op=6802.4 ns  busy pre/post 20.1/12.5%
r1-k24-full-shared k=24  full       shared      cpu/op=59883.0 ns  busy pre/post 23.7/12.7%
r1-k24-full-private k=24  full       private     cpu/op=14782.2 ns  busy pre/post 21.0/20.4%
r1-k24-full-private-ctx k=24  full       private-ctx cpu/op=14979.6 ns  busy pre/post 24.0/19.5%
r1-k24-full-rehome k=24  full       rehome      cpu/op=14839.7 ns  busy pre/post 26.0/20.7%
r1-k24-specialize-shared k=24  specialize shared      cpu/op=11468.2 ns  busy pre/post 22.2/20.5%
r1-k24-specialize-private k=24  specialize private     cpu/op=7677.3 ns  busy pre/post 17.8/19.5%
r1-k24-specialize-private-ctx k=24  specialize private-ctx cpu/op=8565.1 ns  busy pre/post 23.6/22.5%
r1-k24-specialize-rehome k=24  specialize rehome      cpu/op=7908.0 ns  busy pre/post 19.6/16.2%
r1-k24-split-shared k=24  split      shared      cpu/op=49519.3 ns  busy pre/post 26.8/18.0%
r1-k24-split-private k=24  split      private     cpu/op=6807.2 ns  busy pre/post 25.7/18.9%
r1-k24-split-private-ctx k=24  split      private-ctx cpu/op=6885.6 ns  busy pre/post 24.2/17.9%
r1-k24-split-rehome k=24  split      rehome      cpu/op=7006.2 ns  busy pre/post 24.2/19.5%
r1-k48-full-shared k=48  full       shared      cpu/op=115464.8 ns  busy pre/post 25.7/9.1%
r1-k48-full-private k=48  full       private     cpu/op=14738.4 ns  busy pre/post 20.6/20.7%
r1-k48-full-private-ctx k=48  full       private-ctx cpu/op=16771.0 ns  busy pre/post 22.0/18.3%
r1-k48-full-rehome k=48  full       rehome      cpu/op=15139.8 ns  busy pre/post 19.6/21.8%
r1-k48-specialize-shared k=48  specialize shared      cpu/op=18678.6 ns  busy pre/post 24.4/21.8%
r1-k48-specialize-private k=48  specialize private     cpu/op=7715.5 ns  busy pre/post 19.8/19.6%
r1-k48-specialize-private-ctx k=48  specialize private-ctx cpu/op=12150.8 ns  busy pre/post 19.0/21.0%
r1-k48-specialize-rehome k=48  specialize rehome      cpu/op=7963.0 ns  busy pre/post 21.3/15.4%
r1-k48-split-shared k=48  split      shared      cpu/op=98784.3 ns  busy pre/post 17.8/5.8%
r1-k48-split-private k=48  split      private     cpu/op=7154.2 ns  busy pre/post 11.6/14.0%
r1-k48-split-private-ctx k=48  split      private-ctx cpu/op=7216.3 ns  busy pre/post 20.5/16.6%
r1-k48-split-rehome k=48  split      rehome      cpu/op=7471.7 ns  busy pre/post 19.9/12.8%
r1-k96-full-shared k=96  full       shared      cpu/op=233712.2 ns  busy pre/post 21.3/3.7%
r1-k96-full-private k=96  full       private     cpu/op=15863.1 ns  busy pre/post 8.7/11.4%
r1-k96-full-private-ctx k=96  full       private-ctx cpu/op=24769.6 ns  busy pre/post 12.3/9.7%
r1-k96-full-rehome k=96  full       rehome      cpu/op=16071.4 ns  busy pre/post 12.1/13.3%
r1-k96-specialize-shared k=96  specialize shared      cpu/op=33229.8 ns  busy pre/post 16.8/12.1%
r1-k96-specialize-private k=96  specialize private     cpu/op=7783.9 ns  busy pre/post 15.6/14.9%
r1-k96-specialize-private-ctx k=96  specialize private-ctx cpu/op=21916.5 ns  busy pre/post 17.1/13.6%
r1-k96-specialize-rehome k=96  specialize rehome      cpu/op=8051.2 ns  busy pre/post 17.1/15.4%
r1-k96-split-shared k=96  split      shared      cpu/op=196199.0 ns  busy pre/post 16.3/3.1%
r1-k96-split-private k=96  split      private     cpu/op=8140.8 ns  busy pre/post 7.3/9.7%
r1-k96-split-private-ctx k=96  split      private-ctx cpu/op=8099.7 ns  busy pre/post 12.9/11.2%
r1-k96-split-rehome k=96  split      rehome      cpu/op=8318.2 ns  busy pre/post 15.6/13.9%
r2-k1-full-shared k=1   full       shared      cpu/op=14293.7 ns  busy pre/post 1.0/1.0%
r2-k1-full-private k=1   full       private     cpu/op=14203.1 ns  busy pre/post 5.0/2.0%
r2-k1-full-private-ctx k=1   full       private-ctx cpu/op=14300.9 ns  busy pre/post 1.0/42.0%
r2-k1-full-rehome k=1   full       rehome      cpu/op=14780.1 ns  busy pre/post 1.0/1.0%
r2-k1-specialize-shared k=1   specialize shared      cpu/op=7596.8 ns  busy pre/post 2.0/4.0%
r2-k1-specialize-private k=1   specialize private     cpu/op=7549.6 ns  busy pre/post 43.1/26.0%
r2-k1-specialize-private-ctx k=1   specialize private-ctx cpu/op=7617.2 ns  busy pre/post 51.0/2.0%
r2-k1-specialize-rehome k=1   specialize rehome      cpu/op=8102.0 ns  busy pre/post 4.0/2.0%
r2-k1-split-shared k=1   split      shared      cpu/op=6442.7 ns  busy pre/post 9.9/2.0%
r2-k1-split-private k=1   split      private     cpu/op=6561.4 ns  busy pre/post 80.2/0.0%
r2-k1-split-private-ctx k=1   split      private-ctx cpu/op=6626.9 ns  busy pre/post 2.0/1.0%
r2-k1-split-rehome k=1   split      rehome      cpu/op=7047.2 ns  busy pre/post 1.0/0.0%
r2-k8-full-shared k=8   full       shared      cpu/op=17373.3 ns  busy pre/post 13.0/12.3%
r2-k8-full-private k=8   full       private     cpu/op=14398.2 ns  busy pre/post 12.9/11.1%
r2-k8-full-private-ctx k=8   full       private-ctx cpu/op=14552.4 ns  busy pre/post 13.0/14.6%
r2-k8-full-rehome k=8   full       rehome      cpu/op=14685.8 ns  busy pre/post 25.3/14.3%
r2-k8-specialize-shared k=8   specialize shared      cpu/op=7692.6 ns  busy pre/post 13.2/11.9%
r2-k8-specialize-private k=8   specialize private     cpu/op=7649.0 ns  busy pre/post 13.3/11.2%
r2-k8-specialize-private-ctx k=8   specialize private-ctx cpu/op=7680.4 ns  busy pre/post 12.9/13.6%
r2-k8-specialize-rehome k=8   specialize rehome      cpu/op=8023.3 ns  busy pre/post 21.2/12.4%
r2-k8-split-shared k=8   split      shared      cpu/op=12138.7 ns  busy pre/post 13.7/10.6%
r2-k8-split-private k=8   split      private     cpu/op=6733.9 ns  busy pre/post 13.0/13.6%
r2-k8-split-private-ctx k=8   split      private-ctx cpu/op=6635.3 ns  busy pre/post 22.2/12.2%
r2-k8-split-rehome k=8   split      rehome      cpu/op=6819.3 ns  busy pre/post 14.7/11.6%
r2-k24-full-shared k=24  full       shared      cpu/op=60729.4 ns  busy pre/post 15.3/12.7%
r2-k24-full-private k=24  full       private     cpu/op=14452.4 ns  busy pre/post 13.0/13.4%
r2-k24-full-private-ctx k=24  full       private-ctx cpu/op=15116.1 ns  busy pre/post 15.3/13.2%
r2-k24-full-rehome k=24  full       rehome      cpu/op=14746.4 ns  busy pre/post 14.4/13.4%
r2-k24-specialize-shared k=24  specialize shared      cpu/op=11458.0 ns  busy pre/post 13.2/12.2%
r2-k24-specialize-private k=24  specialize private     cpu/op=7651.4 ns  busy pre/post 16.1/12.2%
r2-k24-specialize-private-ctx k=24  specialize private-ctx cpu/op=8642.2 ns  busy pre/post 14.6/15.1%
r2-k24-specialize-rehome k=24  specialize rehome      cpu/op=7911.6 ns  busy pre/post 18.0/12.9%
r2-k24-split-shared k=24  split      shared      cpu/op=50221.1 ns  busy pre/post 17.0/13.5%
r2-k24-split-private k=24  split      private     cpu/op=6822.5 ns  busy pre/post 23.4/12.3%
r2-k24-split-private-ctx k=24  split      private-ctx cpu/op=6846.9 ns  busy pre/post 14.2/12.4%
r2-k24-split-rehome k=24  split      rehome      cpu/op=6991.8 ns  busy pre/post 13.3/12.6%
r2-k48-full-shared k=48  full       shared      cpu/op=119694.1 ns  busy pre/post 16.7/9.4%
r2-k48-full-private k=48  full       private     cpu/op=14617.0 ns  busy pre/post 14.4/14.5%
r2-k48-full-private-ctx k=48  full       private-ctx cpu/op=16747.9 ns  busy pre/post 17.3/15.2%
r2-k48-full-rehome k=48  full       rehome      cpu/op=15176.4 ns  busy pre/post 15.4/15.7%
r2-k48-specialize-shared k=48  specialize shared      cpu/op=18507.3 ns  busy pre/post 15.8/17.3%
r2-k48-specialize-private k=48  specialize private     cpu/op=7686.3 ns  busy pre/post 20.9/14.1%
r2-k48-specialize-private-ctx k=48  specialize private-ctx cpu/op=12340.5 ns  busy pre/post 15.3/14.9%
r2-k48-specialize-rehome k=48  specialize rehome      cpu/op=7942.2 ns  busy pre/post 15.1/15.6%
r2-k48-split-shared k=48  split      shared      cpu/op=101754.9 ns  busy pre/post 15.7/14.6%
r2-k48-split-private k=48  split      private     cpu/op=7380.7 ns  busy pre/post 16.3/15.7%
r2-k48-split-private-ctx k=48  split      private-ctx cpu/op=7244.0 ns  busy pre/post 18.4/12.3%
r2-k48-split-rehome k=48  split      rehome      cpu/op=7401.7 ns  busy pre/post 15.8/14.1%
r2-k96-full-shared k=96  full       shared      cpu/op=232436.1 ns  busy pre/post 19.5/9.2%
r2-k96-full-private k=96  full       private     cpu/op=15521.1 ns  busy pre/post 13.3/14.2%
r2-k96-full-private-ctx k=96  full       private-ctx cpu/op=23584.9 ns  busy pre/post 15.4/15.8%
r2-k96-full-rehome k=96  full       rehome      cpu/op=15852.4 ns  busy pre/post 16.4/16.7%
r2-k96-specialize-shared k=96  specialize shared      cpu/op=32289.5 ns  busy pre/post 17.0/14.9%
r2-k96-specialize-private k=96  specialize private     cpu/op=7749.9 ns  busy pre/post 17.4/16.4%
r2-k96-specialize-private-ctx k=96  specialize private-ctx cpu/op=22314.1 ns  busy pre/post 17.7/17.2%
r2-k96-specialize-rehome k=96  specialize rehome      cpu/op=8024.1 ns  busy pre/post 17.0/14.7%
r2-k96-split-shared k=96  split      shared      cpu/op=200395.8 ns  busy pre/post 17.0/4.3%
r2-k96-split-private k=96  split      private     cpu/op=8042.2 ns  busy pre/post 7.5/7.3%
r2-k96-split-private-ctx k=96  split      private-ctx cpu/op=8085.1 ns  busy pre/post 9.3/10.0%
r2-k96-split-rehome k=96  split      rehome      cpu/op=8364.4 ns  busy pre/post 12.2/10.5%

### work = full

| variant | K | runs | CPU/op ns (mean) | min-max | x K=1 | x private | busy % | cycles/op | instr/op | IPC | x-CCX fills/op |
|---|---:|---:|---:|---|---:|---:|---:|---:|---:|---:|---:|
| shared | 1 | 2 | 14310 | 14294-14327 | 1.00 | 0.99 | 28 | 5.03e+04 | 1.39e+05 | 2.77 | 0.0 |
| shared | 8 | 2 | 17363 | 17353-17373 | 1.21 | 1.21 | 25 | 5.93e+04 | 1.37e+05 | 2.30 | 0.0 |
| shared | 24 | 2 | 60306 | 59883-60729 | 4.21 | 4.13 | 24 | 2.04e+05 | 1.36e+05 | 0.67 | 20.3 |
| shared | 48 | 2 | 117579 | 115465-119694 | 8.22 | 8.01 | 26 | 3.97e+05 | 1.36e+05 | 0.34 | 21.4 |
| shared | 96 | 2 | 233074 | 232436-233712 | 16.29 | 14.85 | 21 | 7.87e+05 | 1.36e+05 | 0.17 | 26.8 |
| private-ctx | 1 | 2 | 14403 | 14301-14505 | 1.00 | 0.99 | 42 | 5.09e+04 | 1.4e+05 | 2.75 | 0.0 |
| private-ctx | 8 | 2 | 14446 | 14340-14552 | 1.00 | 1.00 | 34 | 4.97e+04 | 1.37e+05 | 2.76 | 0.0 |
| private-ctx | 24 | 2 | 15048 | 14980-15116 | 1.04 | 1.03 | 24 | 5.16e+04 | 1.37e+05 | 2.65 | 4.4 |
| private-ctx | 48 | 2 | 16759 | 16748-16771 | 1.16 | 1.14 | 22 | 5.71e+04 | 1.37e+05 | 2.39 | 4.4 |
| private-ctx | 96 | 2 | 24177 | 23585-24770 | 1.68 | 1.54 | 16 | 7.98e+04 | 1.37e+05 | 1.71 | 3.6 |
| rehome | 1 | 2 | 14846 | 14780-14912 | 1.00 | 1.02 | 85 | 5.21e+04 | 1.45e+05 | 2.79 | 0.0 |
| rehome | 8 | 2 | 14665 | 14644-14686 | 0.99 | 1.02 | 25 | 5.02e+04 | 1.43e+05 | 2.84 | 0.0 |
| rehome | 24 | 2 | 14793 | 14746-14840 | 1.00 | 1.01 | 26 | 5.05e+04 | 1.42e+05 | 2.81 | 0.5 |
| rehome | 48 | 2 | 15158 | 15140-15176 | 1.02 | 1.03 | 22 | 5.16e+04 | 1.42e+05 | 2.75 | 0.7 |
| rehome | 96 | 2 | 15962 | 15852-16071 | 1.08 | 1.02 | 17 | 5.35e+04 | 1.42e+05 | 2.65 | 0.6 |
| private | 1 | 2 | 14495 | 14203-14788 | 1.00 | 1.00 | 60 | 5.13e+04 | 1.4e+05 | 2.74 | 0.0 |
| private | 8 | 2 | 14376 | 14353-14398 | 0.99 | 1.00 | 24 | 4.96e+04 | 1.37e+05 | 2.77 | 0.0 |
| private | 24 | 2 | 14617 | 14452-14782 | 1.01 | 1.00 | 21 | 5.01e+04 | 1.37e+05 | 2.73 | 0.7 |
| private | 48 | 2 | 14678 | 14617-14738 | 1.01 | 1.00 | 21 | 5.03e+04 | 1.37e+05 | 2.71 | 0.8 |
| private | 96 | 2 | 15692 | 15521-15863 | 1.08 | 1.00 | 14 | 5.25e+04 | 1.37e+05 | 2.60 | 0.7 |

### work = specialize

| variant | K | runs | CPU/op ns (mean) | min-max | x K=1 | x private | busy % | cycles/op | instr/op | IPC | x-CCX fills/op |
|---|---:|---:|---:|---|---:|---:|---:|---:|---:|---:|---:|
| shared | 1 | 2 | 7652 | 7597-7706 | 1.00 | 0.99 | 91 | 2.76e+04 | 6.42e+04 | 2.33 | 0.0 |
| shared | 8 | 2 | 7694 | 7693-7696 | 1.01 | 1.01 | 34 | 2.64e+04 | 6.15e+04 | 2.32 | 0.0 |
| shared | 24 | 2 | 11463 | 11458-11468 | 1.50 | 1.50 | 22 | 3.9e+04 | 6.11e+04 | 1.57 | 5.9 |
| shared | 48 | 2 | 18593 | 18507-18679 | 2.43 | 2.41 | 24 | 6.3e+04 | 6.1e+04 | 0.97 | 6.0 |
| shared | 96 | 2 | 32760 | 32290-33230 | 4.28 | 4.22 | 17 | 1.11e+05 | 6.1e+04 | 0.55 | 5.8 |
| private-ctx | 1 | 2 | 7676 | 7617-7735 | 1.00 | 0.99 | 51 | 2.81e+04 | 6.48e+04 | 2.31 | 0.0 |
| private-ctx | 8 | 2 | 7769 | 7680-7858 | 1.01 | 1.02 | 26 | 2.7e+04 | 6.2e+04 | 2.30 | 0.0 |
| private-ctx | 24 | 2 | 8604 | 8565-8642 | 1.12 | 1.12 | 24 | 2.95e+04 | 6.17e+04 | 2.09 | 3.1 |
| private-ctx | 48 | 2 | 12246 | 12151-12340 | 1.60 | 1.59 | 21 | 4.12e+04 | 6.16e+04 | 1.50 | 2.6 |
| private-ctx | 96 | 2 | 22115 | 21916-22314 | 2.88 | 2.85 | 18 | 7.23e+04 | 6.16e+04 | 0.85 | 2.6 |
| rehome | 1 | 2 | 8101 | 8099-8102 | 1.00 | 1.05 | 68 | 2.92e+04 | 7e+04 | 2.40 | 0.0 |
| rehome | 8 | 2 | 8057 | 8023-8090 | 0.99 | 1.05 | 21 | 2.77e+04 | 6.72e+04 | 2.43 | 0.0 |
| rehome | 24 | 2 | 7910 | 7908-7912 | 0.98 | 1.03 | 20 | 2.71e+04 | 6.68e+04 | 2.47 | 0.0 |
| rehome | 48 | 2 | 7953 | 7942-7963 | 0.98 | 1.03 | 21 | 2.71e+04 | 6.68e+04 | 2.46 | 0.0 |
| rehome | 96 | 2 | 8038 | 8024-8051 | 0.99 | 1.03 | 17 | 2.72e+04 | 6.68e+04 | 2.46 | 0.0 |
| private | 1 | 2 | 7722 | 7550-7893 | 1.00 | 1.00 | 79 | 2.82e+04 | 6.48e+04 | 2.30 | 0.0 |
| private | 8 | 2 | 7646 | 7643-7649 | 0.99 | 1.00 | 28 | 2.65e+04 | 6.2e+04 | 2.34 | 0.0 |
| private | 24 | 2 | 7664 | 7651-7677 | 0.99 | 1.00 | 20 | 2.65e+04 | 6.17e+04 | 2.33 | 0.0 |
| private | 48 | 2 | 7701 | 7686-7716 | 1.00 | 1.00 | 21 | 2.65e+04 | 6.16e+04 | 2.32 | 0.0 |
| private | 96 | 2 | 7767 | 7750-7784 | 1.01 | 1.00 | 17 | 2.65e+04 | 6.16e+04 | 2.32 | 0.0 |

### work = split

| variant | K | runs | CPU/op ns (mean) | min-max | x K=1 | x private | busy % | cycles/op | instr/op | IPC | x-CCX fills/op |
|---|---:|---:|---:|---|---:|---:|---:|---:|---:|---:|---:|
| shared | 1 | 2 | 6616 | 6443-6789 | 1.00 | 1.00 | 11 | 2.42e+04 | 7.95e+04 | 3.28 | 0.0 |
| shared | 8 | 2 | 12093 | 12048-12139 | 1.83 | 1.80 | 31 | 4.13e+04 | 7.68e+04 | 1.86 | 0.0 |
| shared | 24 | 2 | 49870 | 49519-50221 | 7.54 | 7.32 | 27 | 1.69e+05 | 7.65e+04 | 0.45 | 13.5 |
| shared | 48 | 2 | 100270 | 98784-101755 | 15.16 | 13.80 | 18 | 3.4e+05 | 7.65e+04 | 0.22 | 15.0 |
| shared | 96 | 2 | 198297 | 196199-200396 | 29.97 | 24.51 | 17 | 6.68e+05 | 7.63e+04 | 0.11 | 16.8 |
| private-ctx | 1 | 2 | 6695 | 6627-6762 | 1.00 | 1.01 | 23 | 2.47e+04 | 8.05e+04 | 3.26 | 0.0 |
| private-ctx | 8 | 2 | 6640 | 6635-6644 | 0.99 | 0.99 | 24 | 2.31e+04 | 7.73e+04 | 3.34 | 0.0 |
| private-ctx | 24 | 2 | 6866 | 6847-6886 | 1.03 | 1.01 | 24 | 2.37e+04 | 7.7e+04 | 3.24 | 0.6 |
| private-ctx | 48 | 2 | 7230 | 7216-7244 | 1.08 | 0.99 | 20 | 2.49e+04 | 7.7e+04 | 3.10 | 0.6 |
| private-ctx | 96 | 2 | 8092 | 8085-8100 | 1.21 | 1.00 | 13 | 2.74e+04 | 7.7e+04 | 2.81 | 0.4 |
| rehome | 1 | 2 | 7011 | 6975-7047 | 1.00 | 1.06 | 58 | 2.54e+04 | 8.48e+04 | 3.33 | 0.0 |
| rehome | 8 | 2 | 6811 | 6802-6819 | 0.97 | 1.01 | 20 | 2.35e+04 | 8.19e+04 | 3.49 | 0.0 |
| rehome | 24 | 2 | 6999 | 6992-7006 | 1.00 | 1.03 | 24 | 2.4e+04 | 8.15e+04 | 3.40 | 0.6 |
| rehome | 48 | 2 | 7437 | 7402-7472 | 1.06 | 1.02 | 20 | 2.54e+04 | 8.15e+04 | 3.21 | 0.6 |
| rehome | 96 | 2 | 8341 | 8318-8364 | 1.19 | 1.03 | 16 | 2.82e+04 | 8.15e+04 | 2.89 | 0.4 |
| private | 1 | 2 | 6645 | 6561-6729 | 1.00 | 1.00 | 80 | 2.45e+04 | 8.06e+04 | 3.29 | 0.0 |
| private | 8 | 2 | 6718 | 6702-6734 | 1.01 | 1.00 | 22 | 2.34e+04 | 7.73e+04 | 3.30 | 0.0 |
| private | 24 | 2 | 6815 | 6807-6822 | 1.03 | 1.00 | 26 | 2.36e+04 | 7.71e+04 | 3.27 | 0.6 |
| private | 48 | 2 | 7267 | 7154-7381 | 1.09 | 1.00 | 16 | 2.51e+04 | 7.69e+04 | 3.07 | 0.6 |
| private | 96 | 2 | 8092 | 8042-8141 | 1.22 | 1.00 | 10 | 2.71e+04 | 7.69e+04 | 2.84 | 0.4 |

checksum identity across variants and repeats: all equal per (work, K)
2026-09-28T11:21:06Z sweep done
profile written to /common/dev/rustred/tools/research/symbolica_arc_mre/results/socket1-20260928T103516Z/profile (shared-full-k96)
profile written to /common/dev/rustred/tools/research/symbolica_arc_mre/results/socket1-20260928T103516Z/profile (private-full-k96)
profile written to /common/dev/rustred/tools/research/symbolica_arc_mre/results/socket1-20260928T103516Z/profile (private-split-k96)
profile written to /common/dev/rustred/tools/research/symbolica_arc_mre/results/socket1-20260928T103516Z/profile (shared-split-k96)
2026-09-28T11:22:24Z profiles done
r1-k1-full-shared k=1   full       shared      cpu/op=14317.2 ns  busy pre/post 1.0/42.2%
r1-k1-full-private k=1   full       private     cpu/op=14330.8 ns  busy pre/post 100.0/2.0%
r1-k1-full-rehome k=1   full       rehome      cpu/op=14751.2 ns  busy pre/post 8.8/1.0%
r1-k96-full-shared k=96  full       shared      cpu/op=235337.1 ns  busy pre/post 17.2/4.1%
r1-k96-full-private k=96  full       private     cpu/op=15425.9 ns  busy pre/post 8.7/7.4%
r1-k96-full-rehome k=96  full       rehome      cpu/op=16034.9 ns  busy pre/post 10.1/10.5%
r2-k1-full-shared k=1   full       shared      cpu/op=14158.3 ns  busy pre/post 51.0/16.5%
r2-k1-full-private k=1   full       private     cpu/op=14173.1 ns  busy pre/post 2.0/62.7%
r2-k1-full-rehome k=1   full       rehome      cpu/op=15012.2 ns  busy pre/post 4.0/16.8%
r2-k96-full-shared k=96  full       shared      cpu/op=246044.1 ns  busy pre/post 16.4/1.7%
r2-k96-full-private k=96  full       private     cpu/op=15974.0 ns  busy pre/post 2.2/1.8%
r2-k96-full-rehome k=96  full       rehome      cpu/op=16150.3 ns  busy pre/post 2.6/4.0%

### work = full

| variant | K | runs | CPU/op ns (mean) | min-max | x K=1 | x private | busy % | cycles/op | instr/op | IPC | x-CCX fills/op |
|---|---:|---:|---:|---|---:|---:|---:|---:|---:|---:|---:|
| shared | 1 | 2 | 14238 | 14158-14317 | 1.00 | 1.00 | 51 | 5.01e+04 | 1.4e+05 | 2.79 | 0.0 |
| shared | 96 | 2 | 240691 | 235337-246044 | 16.91 | 15.33 | 17 | 8.11e+05 | 1.36e+05 | 0.17 | 23.8 |
| rehome | 1 | 2 | 14882 | 14751-15012 | 1.00 | 1.04 | 17 | 5.22e+04 | 1.46e+05 | 2.79 | 0.0 |
| rehome | 96 | 2 | 16093 | 16035-16150 | 1.08 | 1.03 | 10 | 5.35e+04 | 1.42e+05 | 2.65 | 0.6 |
| private | 1 | 2 | 14252 | 14173-14331 | 1.00 | 1.00 | 100 | 5.04e+04 | 1.4e+05 | 2.78 | 0.0 |
| private | 96 | 2 | 15700 | 15426-15974 | 1.10 | 1.00 | 9 | 5.21e+04 | 1.36e+05 | 2.62 | 0.7 |

checksum identity across variants and repeats: all equal per (work, K)
r1-k1-full-shared k=1   full       shared      cpu/op=14229.8 ns  busy pre/post 25.0/29.7%
r1-k1-full-rehome k=1   full       rehome      cpu/op=14867.9 ns  busy pre/post 6.9/11.9%
r1-k1-full-rehome-api k=1   full       rehome-api  cpu/op=14622.6 ns  busy pre/post 3.0/0.0%
r1-k1-full-private k=1   full       private     cpu/op=14490.4 ns  busy pre/post 1.0/0.0%
r1-k1-specialize-shared k=1   specialize shared      cpu/op=7599.9 ns  busy pre/post 0.0/0.0%
r1-k1-specialize-rehome k=1   specialize rehome      cpu/op=8217.4 ns  busy pre/post 2.0/0.0%
r1-k1-specialize-rehome-api k=1   specialize rehome-api  cpu/op=7939.1 ns  busy pre/post 0.0/2.0%
r1-k1-specialize-private k=1   specialize private     cpu/op=7693.1 ns  busy pre/post 22.0/2.0%
r1-k1-split-shared k=1   split      shared      cpu/op=6659.0 ns  busy pre/post 93.1/35.6%
r1-k1-split-rehome k=1   split      rehome      cpu/op=7026.9 ns  busy pre/post 100.0/1.0%
r1-k1-split-rehome-api k=1   split      rehome-api  cpu/op=6845.1 ns  busy pre/post 0.0/0.0%
r1-k1-split-private k=1   split      private     cpu/op=6590.5 ns  busy pre/post 70.3/1.0%
r1-k24-full-shared k=24  full       shared      cpu/op=17243.1 ns  busy pre/post 14.1/8.9%
r1-k24-full-rehome k=24  full       rehome      cpu/op=14796.8 ns  busy pre/post 13.9/12.1%
r1-k24-full-rehome-api k=24  full       rehome-api  cpu/op=14655.2 ns  busy pre/post 14.2/9.3%
r1-k24-full-private k=24  full       private     cpu/op=14394.7 ns  busy pre/post 14.5/13.5%
r1-k24-specialize-shared k=24  specialize shared      cpu/op=11608.2 ns  busy pre/post 17.3/9.9%
r1-k24-specialize-rehome k=24  specialize rehome      cpu/op=8000.2 ns  busy pre/post 15.0/12.4%
r1-k24-specialize-rehome-api k=24  specialize rehome-api  cpu/op=7763.3 ns  busy pre/post 14.4/12.3%
r1-k24-specialize-private k=24  specialize private     cpu/op=7816.7 ns  busy pre/post 15.0/12.4%
r1-k24-split-shared k=24  split      shared      cpu/op=6672.4 ns  busy pre/post 16.0/11.3%
r1-k24-split-rehome k=24  split      rehome      cpu/op=6811.1 ns  busy pre/post 15.9/11.9%
r1-k24-split-rehome-api k=24  split      rehome-api  cpu/op=6921.9 ns  busy pre/post 16.5/12.2%
r1-k24-split-private k=24  split      private     cpu/op=6695.7 ns  busy pre/post 14.8/8.5%
r1-k96-full-shared k=96  full       shared      cpu/op=39507.7 ns  busy pre/post 12.5/14.9%
r1-k96-full-rehome k=96  full       rehome      cpu/op=15106.3 ns  busy pre/post 15.6/14.4%
r1-k96-full-rehome-api k=96  full       rehome-api  cpu/op=14790.3 ns  busy pre/post 13.8/15.1%
r1-k96-full-private k=96  full       private     cpu/op=14656.3 ns  busy pre/post 15.1/14.8%
r1-k96-specialize-shared k=96  specialize shared      cpu/op=33419.3 ns  busy pre/post 15.4/13.6%
r1-k96-specialize-rehome k=96  specialize rehome      cpu/op=8098.9 ns  busy pre/post 20.8/17.8%
r1-k96-specialize-rehome-api k=96  specialize rehome-api  cpu/op=7867.7 ns  busy pre/post 15.3/12.8%
r1-k96-specialize-private k=96  specialize private     cpu/op=7840.5 ns  busy pre/post 17.0/13.8%
r1-k96-split-shared k=96  split      shared      cpu/op=11232.2 ns  busy pre/post 15.3/16.2%
r1-k96-split-rehome k=96  split      rehome      cpu/op=6932.1 ns  busy pre/post 15.6/15.5%
r1-k96-split-rehome-api k=96  split      rehome-api  cpu/op=6731.9 ns  busy pre/post 15.4/15.4%
r1-k96-split-private k=96  split      private     cpu/op=6791.4 ns  busy pre/post 15.3/14.8%
r2-k1-full-shared k=1   full       shared      cpu/op=14258.6 ns  busy pre/post 6.0/17.6%
r2-k1-full-rehome k=1   full       rehome      cpu/op=14972.4 ns  busy pre/post 2.0/0.0%
r2-k1-full-rehome-api k=1   full       rehome-api  cpu/op=14667.1 ns  busy pre/post 12.9/5.9%
r2-k1-full-private k=1   full       private     cpu/op=14286.8 ns  busy pre/post 2.0/6.0%
r2-k1-specialize-shared k=1   specialize shared      cpu/op=7773.9 ns  busy pre/post 5.0/0.0%
r2-k1-specialize-rehome k=1   specialize rehome      cpu/op=8170.4 ns  busy pre/post 0.0/0.0%
r2-k1-specialize-rehome-api k=1   specialize rehome-api  cpu/op=7931.1 ns  busy pre/post 1.0/15.8%
r2-k1-specialize-private k=1   specialize private     cpu/op=7653.6 ns  busy pre/post 4.0/7.0%
r2-k1-split-shared k=1   split      shared      cpu/op=6558.2 ns  busy pre/post 2.0/3.9%
r2-k1-split-rehome k=1   split      rehome      cpu/op=7061.1 ns  busy pre/post 6.0/13.6%
r2-k1-split-rehome-api k=1   split      rehome-api  cpu/op=6727.9 ns  busy pre/post 14.9/8.0%
r2-k1-split-private k=1   split      private     cpu/op=6697.0 ns  busy pre/post 12.9/13.9%
r2-k24-full-shared k=24  full       shared      cpu/op=17298.1 ns  busy pre/post 15.0/11.5%
r2-k24-full-rehome k=24  full       rehome      cpu/op=14743.6 ns  busy pre/post 13.6/11.3%
r2-k24-full-rehome-api k=24  full       rehome-api  cpu/op=14834.1 ns  busy pre/post 20.5/12.0%
r2-k24-full-private k=24  full       private     cpu/op=14380.5 ns  busy pre/post 19.5/14.8%
r2-k24-specialize-shared k=24  specialize shared      cpu/op=11485.5 ns  busy pre/post 18.3/13.4%
r2-k24-specialize-rehome k=24  specialize rehome      cpu/op=8110.2 ns  busy pre/post 18.6/12.8%
r2-k24-specialize-rehome-api k=24  specialize rehome-api  cpu/op=7770.9 ns  busy pre/post 18.8/11.1%
r2-k24-specialize-private k=24  specialize private     cpu/op=7721.5 ns  busy pre/post 14.3/8.6%
r2-k24-split-shared k=24  split      shared      cpu/op=6634.6 ns  busy pre/post 11.5/12.0%
r2-k24-split-rehome k=24  split      rehome      cpu/op=6797.6 ns  busy pre/post 14.0/13.8%
r2-k24-split-rehome-api k=24  split      rehome-api  cpu/op=6623.4 ns  busy pre/post 14.9/9.2%
r2-k24-split-private k=24  split      private     cpu/op=6624.6 ns  busy pre/post 17.5/11.1%
r2-k96-full-shared k=96  full       shared      cpu/op=39310.9 ns  busy pre/post 16.5/15.1%
r2-k96-full-rehome k=96  full       rehome      cpu/op=14992.5 ns  busy pre/post 16.1/13.2%
r2-k96-full-rehome-api k=96  full       rehome-api  cpu/op=14750.0 ns  busy pre/post 16.0/15.6%
r2-k96-full-private k=96  full       private     cpu/op=14685.3 ns  busy pre/post 19.5/12.6%
r2-k96-specialize-shared k=96  specialize shared      cpu/op=32800.8 ns  busy pre/post 14.2/16.1%
r2-k96-specialize-rehome k=96  specialize rehome      cpu/op=8086.2 ns  busy pre/post 21.2/18.3%
r2-k96-specialize-rehome-api k=96  specialize rehome-api  cpu/op=7889.0 ns  busy pre/post 20.5/18.3%
r2-k96-specialize-private k=96  specialize private     cpu/op=7760.9 ns  busy pre/post 22.2/16.7%
r2-k96-split-shared k=96  split      shared      cpu/op=11308.8 ns  busy pre/post 17.2/17.5%
r2-k96-split-rehome k=96  split      rehome      cpu/op=7003.6 ns  busy pre/post 16.2/16.1%
r2-k96-split-rehome-api k=96  split      rehome-api  cpu/op=6758.8 ns  busy pre/post 19.4/17.5%
r2-k96-split-private k=96  split      private     cpu/op=6793.7 ns  busy pre/post 17.9/15.0%

### work = full

| variant | K | runs | CPU/op ns (mean) | min-max | x K=1 | x private | busy % | cycles/op | instr/op | IPC | x-CCX fills/op |
|---|---:|---:|---:|---|---:|---:|---:|---:|---:|---:|---:|
| shared | 1 | 2 | 14244 | 14230-14259 | 1.00 | 0.99 | 30 | 5.01e+04 | 1.4e+05 | 2.79 | 0.0 |
| shared | 24 | 2 | 17271 | 17243-17298 | 1.21 | 1.20 | 15 | 5.89e+04 | 1.36e+05 | 2.32 | 7.7 |
| shared | 96 | 2 | 39409 | 39311-39508 | 2.77 | 2.69 | 16 | 1.34e+05 | 1.36e+05 | 1.01 | 7.2 |
| rehome | 1 | 2 | 14920 | 14868-14972 | 1.00 | 1.04 | 12 | 5.24e+04 | 1.46e+05 | 2.78 | 0.0 |
| rehome | 24 | 2 | 14770 | 14744-14797 | 0.99 | 1.03 | 14 | 5.04e+04 | 1.42e+05 | 2.82 | 0.1 |
| rehome | 96 | 2 | 15049 | 14992-15106 | 1.01 | 1.03 | 16 | 5.07e+04 | 1.42e+05 | 2.81 | 0.0 |
| rehome-api | 1 | 2 | 14645 | 14623-14667 | 1.00 | 1.02 | 13 | 5.15e+04 | 1.42e+05 | 2.77 | 0.0 |
| rehome-api | 24 | 2 | 14745 | 14655-14834 | 1.01 | 1.02 | 20 | 5.04e+04 | 1.39e+05 | 2.76 | 0.1 |
| rehome-api | 96 | 2 | 14770 | 14750-14790 | 1.01 | 1.01 | 16 | 4.97e+04 | 1.39e+05 | 2.80 | 0.0 |
| private | 1 | 2 | 14389 | 14287-14490 | 1.00 | 1.00 | 6 | 5.09e+04 | 1.41e+05 | 2.76 | 0.0 |
| private | 24 | 2 | 14388 | 14380-14395 | 1.00 | 1.00 | 20 | 4.94e+04 | 1.37e+05 | 2.77 | 0.0 |
| private | 96 | 2 | 14671 | 14656-14685 | 1.02 | 1.00 | 20 | 4.97e+04 | 1.37e+05 | 2.75 | 0.0 |

### work = specialize

| variant | K | runs | CPU/op ns (mean) | min-max | x K=1 | x private | busy % | cycles/op | instr/op | IPC | x-CCX fills/op |
|---|---:|---:|---:|---|---:|---:|---:|---:|---:|---:|---:|
| shared | 1 | 2 | 7687 | 7600-7774 | 1.00 | 1.00 | 5 | 2.77e+04 | 6.42e+04 | 2.32 | 0.0 |
| shared | 24 | 2 | 11547 | 11486-11608 | 1.50 | 1.49 | 18 | 3.93e+04 | 6.11e+04 | 1.55 | 5.9 |
| shared | 96 | 2 | 33110 | 32801-33419 | 4.31 | 4.24 | 16 | 1.12e+05 | 6.1e+04 | 0.54 | 5.8 |
| rehome | 1 | 2 | 8194 | 8170-8217 | 1.00 | 1.07 | 2 | 2.95e+04 | 7e+04 | 2.37 | 0.0 |
| rehome | 24 | 2 | 8055 | 8000-8110 | 0.98 | 1.04 | 19 | 2.75e+04 | 6.68e+04 | 2.43 | 0.1 |
| rehome | 96 | 2 | 8093 | 8086-8099 | 0.99 | 1.04 | 21 | 2.75e+04 | 6.68e+04 | 2.43 | 0.0 |
| rehome-api | 1 | 2 | 7935 | 7931-7939 | 1.00 | 1.03 | 16 | 2.86e+04 | 6.67e+04 | 2.33 | 0.0 |
| rehome-api | 24 | 2 | 7767 | 7763-7771 | 0.98 | 1.00 | 19 | 2.66e+04 | 6.36e+04 | 2.39 | 0.1 |
| rehome-api | 96 | 2 | 7878 | 7868-7889 | 0.99 | 1.01 | 20 | 2.68e+04 | 6.35e+04 | 2.37 | 0.1 |
| private | 1 | 2 | 7673 | 7654-7693 | 1.00 | 1.00 | 22 | 2.8e+04 | 6.48e+04 | 2.31 | 0.0 |
| private | 24 | 2 | 7769 | 7722-7817 | 1.01 | 1.00 | 15 | 2.68e+04 | 6.17e+04 | 2.30 | 0.0 |
| private | 96 | 2 | 7801 | 7761-7840 | 1.02 | 1.00 | 22 | 2.68e+04 | 6.16e+04 | 2.30 | 0.0 |

### work = split

| variant | K | runs | CPU/op ns (mean) | min-max | x K=1 | x private | busy % | cycles/op | instr/op | IPC | x-CCX fills/op |
|---|---:|---:|---:|---|---:|---:|---:|---:|---:|---:|---:|
| shared | 1 | 2 | 6609 | 6558-6659 | 1.00 | 0.99 | 93 | 2.41e+04 | 8.03e+04 | 3.33 | 0.0 |
| shared | 24 | 2 | 6654 | 6635-6672 | 1.01 | 1.00 | 16 | 2.28e+04 | 7.69e+04 | 3.38 | 1.3 |
| shared | 96 | 2 | 11270 | 11232-11309 | 1.71 | 1.66 | 18 | 3.82e+04 | 7.68e+04 | 2.01 | 1.2 |
| rehome | 1 | 2 | 7044 | 7027-7061 | 1.00 | 1.06 | 100 | 2.57e+04 | 8.48e+04 | 3.30 | 0.0 |
| rehome | 24 | 2 | 6804 | 6798-6811 | 0.97 | 1.02 | 16 | 2.33e+04 | 8.18e+04 | 3.51 | 0.0 |
| rehome | 96 | 2 | 6968 | 6932-7004 | 0.99 | 1.03 | 16 | 2.35e+04 | 8.18e+04 | 3.47 | 0.0 |
| rehome-api | 1 | 2 | 6786 | 6728-6845 | 1.00 | 1.02 | 15 | 2.47e+04 | 8.15e+04 | 3.30 | 0.0 |
| rehome-api | 24 | 2 | 6773 | 6623-6922 | 1.00 | 1.02 | 16 | 2.32e+04 | 7.85e+04 | 3.39 | 0.1 |
| rehome-api | 96 | 2 | 6745 | 6732-6759 | 0.99 | 0.99 | 19 | 2.27e+04 | 7.85e+04 | 3.45 | 0.1 |
| private | 1 | 2 | 6644 | 6590-6697 | 1.00 | 1.00 | 70 | 2.45e+04 | 8.11e+04 | 3.31 | 0.0 |
| private | 24 | 2 | 6660 | 6625-6696 | 1.00 | 1.00 | 18 | 2.31e+04 | 7.75e+04 | 3.36 | 0.0 |
| private | 96 | 2 | 6793 | 6791-6794 | 1.02 | 1.00 | 18 | 2.3e+04 | 7.73e+04 | 3.36 | 0.0 |

checksum identity across variants and repeats: all equal per (work, K)
r1-k1-full-shared k=1   full       shared      cpu/op=14268.9 ns  busy pre/post 12.0/4.0%
r1-k1-full-private k=1   full       private     cpu/op=14166.3 ns  busy pre/post 6.9/10.7%
r1-k1-specialize-shared k=1   specialize shared      cpu/op=7742.8 ns  busy pre/post 37.6/90.0%
r1-k1-specialize-private k=1   specialize private     cpu/op=7626.9 ns  busy pre/post 60.8/25.7%
r1-k1-split-shared k=1   split      shared      cpu/op=6469.3 ns  busy pre/post 65.7/21.0%
r1-k1-split-private k=1   split      private     cpu/op=6512.6 ns  busy pre/post 47.0/24.8%
r1-k24-full-shared k=24  full       shared      cpu/op=22734.3 ns  busy pre/post 17.3/15.9%
r1-k24-full-private k=24  full       private     cpu/op=14545.6 ns  busy pre/post 14.7/8.6%
r1-k24-specialize-shared k=24  specialize shared      cpu/op=8903.4 ns  busy pre/post 18.9/14.0%
r1-k24-specialize-private k=24  specialize private     cpu/op=7674.0 ns  busy pre/post 18.1/8.5%
r1-k24-split-shared k=24  split      shared      cpu/op=17912.2 ns  busy pre/post 13.5/10.6%
r1-k24-split-private k=24  split      private     cpu/op=6741.3 ns  busy pre/post 17.1/9.3%
r1-k96-full-shared k=96  full       shared      cpu/op=84158.9 ns  busy pre/post 21.7/15.0%
r1-k96-full-private k=96  full       private     cpu/op=15511.4 ns  busy pre/post 16.6/15.5%
r1-k96-specialize-shared k=96  specialize shared      cpu/op=22525.3 ns  busy pre/post 19.2/16.6%
r1-k96-specialize-private k=96  specialize private     cpu/op=8122.3 ns  busy pre/post 16.4/15.8%
r1-k96-split-shared k=96  split      shared      cpu/op=66366.1 ns  busy pre/post 16.5/15.8%
r1-k96-split-private k=96  split      private     cpu/op=7930.9 ns  busy pre/post 17.3/15.3%
r2-k1-full-shared k=1   full       shared      cpu/op=14280.5 ns  busy pre/post 52.5/19.0%
r2-k1-full-private k=1   full       private     cpu/op=14173.1 ns  busy pre/post 50.5/5.9%
r2-k1-specialize-shared k=1   specialize shared      cpu/op=7730.0 ns  busy pre/post 17.0/4.0%
r2-k1-specialize-private k=1   specialize private     cpu/op=7739.7 ns  busy pre/post 4.0/28.7%
r2-k1-split-shared k=1   split      shared      cpu/op=6499.8 ns  busy pre/post 20.4/34.0%
r2-k1-split-private k=1   split      private     cpu/op=6403.6 ns  busy pre/post 67.3/11.0%
r2-k24-full-shared k=24  full       shared      cpu/op=22741.6 ns  busy pre/post 18.1/12.2%
r2-k24-full-private k=24  full       private     cpu/op=14439.2 ns  busy pre/post 13.0/9.5%
r2-k24-specialize-shared k=24  specialize shared      cpu/op=9014.9 ns  busy pre/post 13.5/7.7%
r2-k24-specialize-private k=24  specialize private     cpu/op=7719.2 ns  busy pre/post 13.1/10.3%
r2-k24-split-shared k=24  split      shared      cpu/op=17848.0 ns  busy pre/post 16.8/17.6%
r2-k24-split-private k=24  split      private     cpu/op=6725.2 ns  busy pre/post 18.6/13.5%
r2-k96-full-shared k=96  full       shared      cpu/op=86296.6 ns  busy pre/post 18.7/9.9%
r2-k96-full-private k=96  full       private     cpu/op=15516.7 ns  busy pre/post 12.2/13.3%
r2-k96-specialize-shared k=96  specialize shared      cpu/op=23313.5 ns  busy pre/post 16.6/12.6%
r2-k96-specialize-private k=96  specialize private     cpu/op=7800.4 ns  busy pre/post 14.3/11.6%
r2-k96-split-shared k=96  split      shared      cpu/op=69632.9 ns  busy pre/post 13.0/8.5%
r2-k96-split-private k=96  split      private     cpu/op=7924.7 ns  busy pre/post 11.5/16.2%

### work = full

| variant | K | runs | CPU/op ns (mean) | min-max | x K=1 | x private | busy % | cycles/op | instr/op | IPC | x-CCX fills/op |
|---|---:|---:|---:|---|---:|---:|---:|---:|---:|---:|---:|
| shared | 1 | 2 | 14275 | 14269-14280 | 1.00 | 1.01 | 52 | 5.02e+04 | 1.39e+05 | 2.77 | 0.0 |
| shared | 24 | 2 | 22738 | 22734-22742 | 1.59 | 1.57 | 18 | 7.73e+04 | 1.36e+05 | 1.76 | 9.9 |
| shared | 96 | 2 | 85228 | 84159-86297 | 5.97 | 5.49 | 22 | 2.86e+05 | 1.36e+05 | 0.48 | 15.5 |
| private | 1 | 2 | 14170 | 14166-14173 | 1.00 | 1.00 | 50 | 5.01e+04 | 1.39e+05 | 2.78 | 0.0 |
| private | 24 | 2 | 14492 | 14439-14546 | 1.02 | 1.00 | 15 | 4.97e+04 | 1.36e+05 | 2.74 | 0.7 |
| private | 96 | 2 | 15514 | 15511-15517 | 1.09 | 1.00 | 17 | 5.21e+04 | 1.36e+05 | 2.61 | 0.7 |

### work = specialize

| variant | K | runs | CPU/op ns (mean) | min-max | x K=1 | x private | busy % | cycles/op | instr/op | IPC | x-CCX fills/op |
|---|---:|---:|---:|---|---:|---:|---:|---:|---:|---:|---:|
| shared | 1 | 2 | 7736 | 7730-7743 | 1.00 | 1.01 | 90 | 2.8e+04 | 6.4e+04 | 2.29 | 0.0 |
| shared | 24 | 2 | 8959 | 8903-9015 | 1.16 | 1.16 | 19 | 3.06e+04 | 6.09e+04 | 1.99 | 4.7 |
| shared | 96 | 2 | 22919 | 22525-23314 | 2.96 | 2.88 | 19 | 7.74e+04 | 6.08e+04 | 0.79 | 4.1 |
| private | 1 | 2 | 7683 | 7627-7740 | 1.00 | 1.00 | 61 | 2.8e+04 | 6.46e+04 | 2.31 | 0.0 |
| private | 24 | 2 | 7697 | 7674-7719 | 1.00 | 1.00 | 18 | 2.66e+04 | 6.15e+04 | 2.31 | 0.0 |
| private | 96 | 2 | 7961 | 7800-8122 | 1.04 | 1.00 | 16 | 2.71e+04 | 6.14e+04 | 2.26 | 0.0 |

### work = split

| variant | K | runs | CPU/op ns (mean) | min-max | x K=1 | x private | busy % | cycles/op | instr/op | IPC | x-CCX fills/op |
|---|---:|---:|---:|---|---:|---:|---:|---:|---:|---:|---:|
| shared | 1 | 2 | 6485 | 6469-6500 | 1.00 | 1.00 | 66 | 2.36e+04 | 8e+04 | 3.38 | 0.0 |
| shared | 24 | 2 | 17880 | 17848-17912 | 2.76 | 2.66 | 18 | 6.07e+04 | 7.64e+04 | 1.26 | 4.7 |
| shared | 96 | 2 | 68000 | 66366-69633 | 10.49 | 8.58 | 16 | 2.3e+05 | 7.62e+04 | 0.33 | 5.1 |
| private | 1 | 2 | 6458 | 6404-6513 | 1.00 | 1.00 | 67 | 2.38e+04 | 8.03e+04 | 3.37 | 0.0 |
| private | 24 | 2 | 6733 | 6725-6741 | 1.04 | 1.00 | 19 | 2.33e+04 | 7.69e+04 | 3.30 | 0.6 |
| private | 96 | 2 | 7928 | 7925-7931 | 1.23 | 1.00 | 17 | 2.69e+04 | 7.68e+04 | 2.85 | 0.4 |

checksum identity across variants and repeats: all equal per (work, K)
2026-09-28T11:28:42Z session done
2026-09-28T11:28:42Z flock rc=0
2026-09-28T11:40:49Z session3 waiting for socket1.lock
2026-09-28T11:40:49Z session3 socket1 lock acquired
r1-k1-full-shared k=1   full       shared      cpu/op=14454.4 ns  busy pre/post 41.6/39.0%
r1-k1-full-rehome k=1   full       rehome      cpu/op=15067.8 ns  busy pre/post 40.2/86.3%
r1-k1-full-rehome-api k=1   full       rehome-api  cpu/op=14720.3 ns  busy pre/post 100.0/35.0%
r1-k1-full-private k=1   full       private     cpu/op=14498.0 ns  busy pre/post 36.0/44.6%
r1-k1-specialize-shared k=1   specialize shared      cpu/op=7839.3 ns  busy pre/post 36.4/45.0%
r1-k1-specialize-rehome k=1   specialize rehome      cpu/op=8146.2 ns  busy pre/post 67.3/34.0%
r1-k1-specialize-rehome-api k=1   specialize rehome-api  cpu/op=7879.7 ns  busy pre/post 35.0/39.8%
r1-k1-specialize-private k=1   specialize private     cpu/op=7815.6 ns  busy pre/post 31.7/90.2%
r1-k1-split-shared k=1   split      shared      cpu/op=6414.9 ns  busy pre/post 100.0/68.3%
r1-k1-split-rehome k=1   split      rehome      cpu/op=7030.2 ns  busy pre/post 100.0/33.0%
r1-k1-split-rehome-api k=1   split      rehome-api  cpu/op=6618.9 ns  busy pre/post 35.0/32.4%
r1-k1-split-private k=1   split      private     cpu/op=6556.4 ns  busy pre/post 35.6/37.6%
r1-k24-full-shared k=24  full       shared      cpu/op=17241.9 ns  busy pre/post 35.9/36.4%
r1-k24-full-rehome k=24  full       rehome      cpu/op=14879.8 ns  busy pre/post 33.8/24.9%
r1-k24-full-rehome-api k=24  full       rehome-api  cpu/op=14461.5 ns  busy pre/post 33.8/42.6%
r1-k24-full-private k=24  full       private     cpu/op=14353.8 ns  busy pre/post 46.4/42.2%
r1-k24-specialize-shared k=24  specialize shared      cpu/op=11373.5 ns  busy pre/post 38.7/47.8%
r1-k24-specialize-rehome k=24  specialize rehome      cpu/op=7978.4 ns  busy pre/post 45.2/38.2%
r1-k24-specialize-rehome-api k=24  specialize rehome-api  cpu/op=7822.2 ns  busy pre/post 44.6/39.4%
r1-k24-specialize-private k=24  specialize private     cpu/op=7862.4 ns  busy pre/post 44.4/36.9%
r1-k24-split-shared k=24  split      shared      cpu/op=6606.5 ns  busy pre/post 43.8/43.7%
r1-k24-split-rehome k=24  split      rehome      cpu/op=6752.7 ns  busy pre/post 47.2/41.8%
r1-k24-split-rehome-api k=24  split      rehome-api  cpu/op=6624.1 ns  busy pre/post 47.5/39.2%
r1-k24-split-private k=24  split      private     cpu/op=6621.2 ns  busy pre/post 44.2/43.9%
r1-k96-full-shared k=96  full       shared      cpu/op=37471.4 ns  busy pre/post 50.5/46.9%
r1-k96-full-rehome k=96  full       rehome      cpu/op=15007.4 ns  busy pre/post 45.7/45.4%
r1-k96-full-rehome-api k=96  full       rehome-api  cpu/op=14811.3 ns  busy pre/post 49.7/48.1%
r1-k96-full-private k=96  full       private     cpu/op=14751.6 ns  busy pre/post 47.7/47.9%
r1-k96-specialize-shared k=96  specialize shared      cpu/op=32392.3 ns  busy pre/post 46.2/45.3%
r1-k96-specialize-rehome k=96  specialize rehome      cpu/op=8111.4 ns  busy pre/post 46.5/45.4%
r1-k96-specialize-rehome-api k=96  specialize rehome-api  cpu/op=7947.3 ns  busy pre/post 42.9/44.6%
r1-k96-specialize-private k=96  specialize private     cpu/op=7858.0 ns  busy pre/post 47.9/45.8%
r1-k96-split-shared k=96  split      shared      cpu/op=10884.6 ns  busy pre/post 45.2/45.4%
r1-k96-split-rehome k=96  split      rehome      cpu/op=6907.5 ns  busy pre/post 44.0/44.7%
r1-k96-split-rehome-api k=96  split      rehome-api  cpu/op=6728.1 ns  busy pre/post 47.0/46.0%
r1-k96-split-private k=96  split      private     cpu/op=6792.4 ns  busy pre/post 46.5/46.2%
r2-k1-full-shared k=1   full       shared      cpu/op=14444.5 ns  busy pre/post 39.2/37.0%
r2-k1-full-rehome k=1   full       rehome      cpu/op=15107.3 ns  busy pre/post 33.7/34.7%
r2-k1-full-rehome-api k=1   full       rehome-api  cpu/op=14860.1 ns  busy pre/post 98.0/77.2%
r2-k1-full-private k=1   full       private     cpu/op=14359.4 ns  busy pre/post 83.2/40.8%
r2-k1-specialize-shared k=1   specialize shared      cpu/op=7734.2 ns  busy pre/post 34.0/43.6%
r2-k1-specialize-rehome k=1   specialize rehome      cpu/op=8197.1 ns  busy pre/post 52.5/41.4%
r2-k1-specialize-rehome-api k=1   specialize rehome-api  cpu/op=7984.1 ns  busy pre/post 38.6/84.3%
r2-k1-specialize-private k=1   specialize private     cpu/op=7683.7 ns  busy pre/post 100.0/36.6%
r2-k1-split-shared k=1   split      shared      cpu/op=6555.7 ns  busy pre/post 50.0/32.7%
r2-k1-split-rehome k=1   split      rehome      cpu/op=6996.6 ns  busy pre/post 35.6/35.6%
r2-k1-split-rehome-api k=1   split      rehome-api  cpu/op=6755.2 ns  busy pre/post 76.5/49.0%
r2-k1-split-private k=1   split      private     cpu/op=6560.5 ns  busy pre/post 50.0/36.9%
r2-k24-full-shared k=24  full       shared      cpu/op=17489.9 ns  busy pre/post 45.9/42.7%
r2-k24-full-rehome k=24  full       rehome      cpu/op=14726.4 ns  busy pre/post 49.4/36.5%
r2-k24-full-rehome-api k=24  full       rehome-api  cpu/op=14590.0 ns  busy pre/post 45.6/42.4%
r2-k24-full-private k=24  full       private     cpu/op=15272.7 ns  busy pre/post 47.5/45.0%
r2-k24-specialize-shared k=24  specialize shared      cpu/op=11165.7 ns  busy pre/post 51.2/49.9%
r2-k24-specialize-rehome k=24  specialize rehome      cpu/op=8040.4 ns  busy pre/post 49.8/50.1%
r2-k24-specialize-rehome-api k=24  specialize rehome-api  cpu/op=7790.6 ns  busy pre/post 43.3/42.3%
r2-k24-specialize-private k=24  specialize private     cpu/op=7726.7 ns  busy pre/post 46.7/42.8%
r2-k24-split-shared k=24  split      shared      cpu/op=6625.8 ns  busy pre/post 49.3/40.7%
r2-k24-split-rehome k=24  split      rehome      cpu/op=6782.2 ns  busy pre/post 34.1/32.1%
r2-k24-split-rehome-api k=24  split      rehome-api  cpu/op=6573.1 ns  busy pre/post 32.1/32.3%
r2-k24-split-private k=24  split      private     cpu/op=6627.1 ns  busy pre/post 37.0/32.0%
r2-k96-full-shared k=96  full       shared      cpu/op=41615.0 ns  busy pre/post 40.0/36.2%
r2-k96-full-rehome k=96  full       rehome      cpu/op=14759.9 ns  busy pre/post 44.4/46.4%
r2-k96-full-rehome-api k=96  full       rehome-api  cpu/op=14562.9 ns  busy pre/post 44.2/48.4%
r2-k96-full-private k=96  full       private     cpu/op=14408.9 ns  busy pre/post 45.4/48.7%
r2-k96-specialize-shared k=96  specialize shared      cpu/op=31129.8 ns  busy pre/post 44.8/42.6%
r2-k96-specialize-rehome k=96  specialize rehome      cpu/op=8065.1 ns  busy pre/post 49.3/43.3%
r2-k96-specialize-rehome-api k=96  specialize rehome-api  cpu/op=7985.6 ns  busy pre/post 48.6/48.2%
r2-k96-specialize-private k=96  specialize private     cpu/op=7864.9 ns  busy pre/post 47.6/41.1%
r2-k96-split-shared k=96  split      shared      cpu/op=10583.1 ns  busy pre/post 46.7/44.7%
r2-k96-split-rehome k=96  split      rehome      cpu/op=7007.5 ns  busy pre/post 45.7/46.5%
r2-k96-split-rehome-api k=96  split      rehome-api  cpu/op=6781.8 ns  busy pre/post 48.2/45.0%
r2-k96-split-private k=96  split      private     cpu/op=6978.3 ns  busy pre/post 47.6/43.2%

### work = full

| variant | K | runs | CPU/op ns (mean) | min-max | x K=1 | x private | busy % | cycles/op | instr/op | IPC | x-CCX fills/op |
|---|---:|---:|---:|---|---:|---:|---:|---:|---:|---:|---:|
| shared | 1 | 2 | 14449 | 14444-14454 | 1.00 | 1.00 | 42 | 5.08e+04 | 1.4e+05 | 2.76 | 0.0 |
| shared | 24 | 2 | 17366 | 17242-17490 | 1.20 | 1.17 | 46 | 5.91e+04 | 1.36e+05 | 2.31 | 7.6 |
| shared | 96 | 2 | 39543 | 37471-41615 | 2.74 | 2.71 | 50 | 1.34e+05 | 1.36e+05 | 1.02 | 7.2 |
| rehome | 1 | 2 | 15088 | 15068-15107 | 1.00 | 1.05 | 86 | 5.3e+04 | 1.46e+05 | 2.75 | 0.0 |
| rehome | 24 | 2 | 14803 | 14726-14880 | 0.98 | 1.00 | 49 | 5.05e+04 | 1.42e+05 | 2.82 | 0.1 |
| rehome | 96 | 2 | 14884 | 14760-15007 | 0.99 | 1.02 | 46 | 5.04e+04 | 1.42e+05 | 2.82 | 0.0 |
| rehome-api | 1 | 2 | 14790 | 14720-14860 | 1.00 | 1.03 | 100 | 5.19e+04 | 1.43e+05 | 2.75 | 0.0 |
| rehome-api | 24 | 2 | 14526 | 14462-14590 | 0.98 | 0.98 | 46 | 4.96e+04 | 1.39e+05 | 2.81 | 0.1 |
| rehome-api | 96 | 2 | 14687 | 14563-14811 | 0.99 | 1.01 | 50 | 4.97e+04 | 1.39e+05 | 2.80 | 0.1 |
| private | 1 | 2 | 14429 | 14359-14498 | 1.00 | 1.00 | 83 | 5.1e+04 | 1.41e+05 | 2.76 | 0.0 |
| private | 24 | 2 | 14813 | 14354-15273 | 1.03 | 1.00 | 48 | 5.07e+04 | 1.37e+05 | 2.70 | 0.0 |
| private | 96 | 2 | 14580 | 14409-14752 | 1.01 | 1.00 | 49 | 4.95e+04 | 1.37e+05 | 2.76 | 0.0 |

### work = specialize

| variant | K | runs | CPU/op ns (mean) | min-max | x K=1 | x private | busy % | cycles/op | instr/op | IPC | x-CCX fills/op |
|---|---:|---:|---:|---|---:|---:|---:|---:|---:|---:|---:|
| shared | 1 | 2 | 7787 | 7734-7839 | 1.00 | 1.00 | 45 | 2.81e+04 | 6.42e+04 | 2.29 | 0.0 |
| shared | 24 | 2 | 11270 | 11166-11374 | 1.45 | 1.45 | 51 | 3.84e+04 | 6.11e+04 | 1.59 | 5.8 |
| shared | 96 | 2 | 31761 | 31130-32392 | 4.08 | 4.04 | 46 | 1.07e+05 | 6.1e+04 | 0.57 | 6.2 |
| rehome | 1 | 2 | 8172 | 8146-8197 | 1.00 | 1.05 | 67 | 2.94e+04 | 7e+04 | 2.38 | 0.0 |
| rehome | 24 | 2 | 8009 | 7978-8040 | 0.98 | 1.03 | 50 | 2.74e+04 | 6.68e+04 | 2.44 | 0.0 |
| rehome | 96 | 2 | 8088 | 8065-8111 | 0.99 | 1.03 | 49 | 2.75e+04 | 6.68e+04 | 2.43 | 0.0 |
| rehome-api | 1 | 2 | 7932 | 7880-7984 | 1.00 | 1.02 | 84 | 2.87e+04 | 6.68e+04 | 2.33 | 0.0 |
| rehome-api | 24 | 2 | 7806 | 7791-7822 | 0.98 | 1.00 | 45 | 2.67e+04 | 6.36e+04 | 2.38 | 0.1 |
| rehome-api | 96 | 2 | 7966 | 7947-7986 | 1.00 | 1.01 | 49 | 2.68e+04 | 6.35e+04 | 2.37 | 0.0 |
| private | 1 | 2 | 7750 | 7684-7816 | 1.00 | 1.00 | 100 | 2.82e+04 | 6.48e+04 | 2.30 | 0.0 |
| private | 24 | 2 | 7795 | 7727-7862 | 1.01 | 1.00 | 47 | 2.69e+04 | 6.17e+04 | 2.29 | 0.0 |
| private | 96 | 2 | 7861 | 7858-7865 | 1.01 | 1.00 | 48 | 2.68e+04 | 6.16e+04 | 2.29 | 0.0 |

### work = split

| variant | K | runs | CPU/op ns (mean) | min-max | x K=1 | x private | busy % | cycles/op | instr/op | IPC | x-CCX fills/op |
|---|---:|---:|---:|---|---:|---:|---:|---:|---:|---:|---:|
| shared | 1 | 2 | 6485 | 6415-6556 | 1.00 | 0.99 | 100 | 2.37e+04 | 8.03e+04 | 3.39 | 0.0 |
| shared | 24 | 2 | 6616 | 6606-6626 | 1.02 | 1.00 | 49 | 2.26e+04 | 7.7e+04 | 3.40 | 1.3 |
| shared | 96 | 2 | 10734 | 10583-10885 | 1.66 | 1.56 | 47 | 3.62e+04 | 7.68e+04 | 2.12 | 1.2 |
| rehome | 1 | 2 | 7013 | 6997-7030 | 1.00 | 1.07 | 100 | 2.55e+04 | 8.48e+04 | 3.33 | 0.0 |
| rehome | 24 | 2 | 6767 | 6753-6782 | 0.96 | 1.02 | 47 | 2.32e+04 | 8.18e+04 | 3.53 | 0.0 |
| rehome | 96 | 2 | 6958 | 6908-7008 | 0.99 | 1.01 | 46 | 2.35e+04 | 8.18e+04 | 3.49 | 0.0 |
| rehome-api | 1 | 2 | 6687 | 6619-6755 | 1.00 | 1.02 | 76 | 2.44e+04 | 8.18e+04 | 3.36 | 0.0 |
| rehome-api | 24 | 2 | 6599 | 6573-6624 | 0.99 | 1.00 | 48 | 2.26e+04 | 7.86e+04 | 3.47 | 0.1 |
| rehome-api | 96 | 2 | 6755 | 6728-6782 | 1.01 | 0.98 | 48 | 2.27e+04 | 7.86e+04 | 3.46 | 0.0 |
| private | 1 | 2 | 6558 | 6556-6560 | 1.00 | 1.00 | 50 | 2.42e+04 | 8.12e+04 | 3.35 | 0.0 |
| private | 24 | 2 | 6624 | 6621-6627 | 1.01 | 1.00 | 44 | 2.31e+04 | 7.75e+04 | 3.36 | 0.0 |
| private | 96 | 2 | 6885 | 6792-6978 | 1.05 | 1.00 | 48 | 2.33e+04 | 7.74e+04 | 3.31 | 0.0 |

checksum identity across variants and repeats: all equal per (work, K)
2026-09-28T11:44:24Z session3 done
2026-09-28T11:44:24Z session3 flock rc=0
