	Command being timed: "/common/dev/rustred/TMP/w0/intel/bin/idxreplay-v3 dynamic --trace ../trace-5f --label 5f-w18 --out dynamic-5f.jsonl"
	User time (seconds): 208.79
	System time (seconds): 25.76
	Percent of CPU this job got: 98%
	Elapsed (wall clock) time (h:mm:ss or m:ss): 3:57.54
	Average shared text size (kbytes): 0
	Average unshared data size (kbytes): 0
	Average stack size (kbytes): 0
	Average total size (kbytes): 0
	Maximum resident set size (kbytes): 14647372
	Average resident set size (kbytes): 0
	Major (requiring I/O) page faults: 0
	Minor (reclaiming a frame) page faults: 5128206
	Voluntary context switches: 142
	Involuntary context switches: 898
	Swaps: 0
	File system inputs: 0
	File system outputs: 16
	Socket messages sent: 0
	Socket messages received: 0
	Signals delivered: 0
	Page size (bytes): 4096
	Exit status: 0
